main.c:76:6:heightShow	32	static
main.c:95:6:delay	16	static
main.c:112:6:HAL_TIM_IC_CaptureCallback	16	static
main.c:149:6:HCSR04_Read	8	static
main.c:163:5:main	120	static
main.c:262:6:SystemClock_Config	72	static
main.c:301:13:MX_I2C1_Init	8	static
main.c:335:13:MX_SPI1_Init	8	static
main.c:373:13:MX_SPI2_Init	8	static
main.c:411:13:MX_TIM1_Init	32	static
main.c:460:13:MX_TIM4_Init	32	static
main.c:505:13:MX_USART2_UART_Init	8	static
main.c:538:13:MX_GPIO_Init	40	static
main.c:586:6:Error_Handler	4	static,ignoring_inline_asm
