main.c:88:6:heightShow	32	static
main.c:107:6:delay	16	static
main.c:124:6:HAL_TIM_IC_CaptureCallback	16	static
main.c:161:6:HCSR04_Read	8	static
main.c:175:5:main	40	static
main.c:271:6:SystemClock_Config	72	static
main.c:310:13:MX_I2C1_Init	8	static
main.c:344:13:MX_SPI1_Init	8	static
main.c:382:13:MX_SPI2_Init	8	static
main.c:420:13:MX_TIM1_Init	32	static
main.c:469:13:MX_TIM4_Init	32	static
main.c:514:13:MX_USART2_UART_Init	8	static
main.c:547:13:MX_GPIO_Init	40	static
main.c:606:6:Error_Handler	4	static,ignoring_inline_asm
