rc522.c:21:9:SPI1SendByte	32	static
rc522.c:31:6:SPI1_WriteReg	16	static
rc522.c:38:9:SPI1_ReadReg	24	static
rc522.c:48:6:MFRC522_WriteRegister	16	static
rc522.c:53:9:MFRC522_ReadRegister	24	static
rc522.c:61:9:MFRC522_Check	24	static
rc522.c:69:9:MFRC522_Compare	24	static
rc522.c:77:6:MFRC522_SetBitMask	16	static
rc522.c:81:6:MFRC522_ClearBitMask	16	static
rc522.c:85:9:MFRC522_Request	32	static
rc522.c:96:9:MFRC522_ToCard	40	static
rc522.c:159:9:MFRC522_Anticoll	32	static
rc522.c:177:6:MFRC522_CalculateCRC	40	static
rc522.c:200:9:MFRC522_SelectTag	40	static
rc522.c:216:9:MFRC522_Auth	48	static
rc522.c:232:9:MFRC522_Read	32	static
rc522.c:244:9:MFRC522_Write	48	static
rc522.c:265:6:MFRC522_Init	8	static
rc522.c:277:6:MFRC522_Reset	8	static
rc522.c:281:6:MFRC522_AntennaOn	16	static
rc522.c:288:6:MFRC522_AntennaOff	8	static
rc522.c:292:6:MFRC522_Halt	24	static
